<!DOCTYPE html>
<html>

<head>

    <title>grunt-ngindex</title>
    
    <link rel="stylesheet" type="text/css" href="/fixtures/style1.css" />

</head>

<body>

    <header>
        <h1>grunt-ngindex</h1>
        <h2>baz</h2>
        <h2>qux</h2>
    </header>

    
    <script type="text/javascript" charset="utf-8" src="/fixtures/script1.js"></script>

</body>

</html>
